../Core/Src/main.c:131:5:main	16	static
../Core/Src/main.c:184:6:OnDHCPIPAssigned	8	static
../Core/Src/main.c:204:6:DisplayNetworkConfigurations	32	static
../Core/Src/main.c:217:6:UWriteData	16	static
../Core/Src/main.c:225:5:__io_putchar	16	static
../Core/Src/main.c:231:6:PHYStatusCheck	16	static
../Core/Src/main.c:251:6:PrintPHYConf	16	static
../Core/Src/main.c:294:6:generateRandomString	96	static
../Core/Src/main.c:303:6:sendData	10056	static
../Core/Src/main.c:348:6:SystemClock_Config	88	static
../Core/Src/main.c:395:13:MX_SPI1_Init	8	static
../Core/Src/main.c:434:13:MX_USART2_UART_Init	8	static
../Core/Src/main.c:470:13:MX_GPIO_Init	40	static
../Core/Src/main.c:502:6:Error_Handler	4	static,ignoring_inline_asm
