../Core/Src/main.c:128:5:main	16	static
../Core/Src/main.c:181:6:OnDHCPIPAssigned	8	static
../Core/Src/main.c:201:6:DisplayNetworkConfigurations	32	static
../Core/Src/main.c:214:6:UWriteData	16	static
../Core/Src/main.c:222:5:__io_putchar	16	static
../Core/Src/main.c:228:6:PHYStatusCheck	16	static
../Core/Src/main.c:248:6:PrintPHYConf	16	static
../Core/Src/main.c:291:6:generateRandomString	96	static
../Core/Src/main.c:300:6:sendData	8048	static
../Core/Src/main.c:320:6:configureSocket	16	static
../Core/Src/main.c:334:6:SystemClock_Config	88	static
../Core/Src/main.c:381:13:MX_SPI1_Init	8	static
../Core/Src/main.c:420:13:MX_USART2_UART_Init	8	static
../Core/Src/main.c:456:13:MX_GPIO_Init	40	static
../Core/Src/main.c:488:6:Error_Handler	4	static,ignoring_inline_asm
